[2026-03-11 19:39:38] 
====================================

[2026-03-11 19:39:38] 🚀 RUNNING ASSET ETL

[2026-03-11 19:39:38] Vendor: Grote Lighting

[2026-03-11 19:39:38] Submission: 20260311T193937

[2026-03-11 19:39:38] ====================================

[2026-03-11 19:39:38] 
▶️ Asset Extraction & Validation

[2026-03-11 19:39:42] 
▶️ Asset Canonicalization

[2026-03-11 19:39:44] 
❌ Pipeline failed: Traceback (most recent call last):
  File "c:\Users\mdangi\Downloads\ETL Pipeline Project - Phase 1\Vendor Portal Setup\asset-etl\asset_canonicalize.py", line 390, in <module>
    run_for_vendor(args.vendor, args.submission_type, args.submission_id)
  File "c:\Users\mdangi\Downloads\ETL Pipeline Project - Phase 1\Vendor Portal Setup\asset-etl\asset_canonicalize.py", line 329, in run_for_vendor
    print("\u274c No assets matched mapped.xlsx")
  File "C:\Users\mdangi\AppData\Local\anaconda3\envs\vendorportal\Lib\encodings\cp1252.py", line 19, in encode
    return codecs.charmap_encode(input,self.errors,encoding_table)[0]
           ^^^^^^^^^^^^^^^^^^^^^^^^^^^^^^^^^^^^^^^^^^^^^^^^^^^^^^^
UnicodeEncodeError: 'charmap' codec can't encode character '\u274c' in position 0: character maps to <undefined>

