[2026-03-10 15:59:19] 
====================================

[2026-03-10 15:59:19] 🚀 RUNNING ASSET ETL

[2026-03-10 15:59:19] Vendor: Grote Lighting

[2026-03-10 15:59:19] Submission: 20260310T155919

[2026-03-10 15:59:19] ====================================

[2026-03-10 15:59:19] 
▶️ Asset Extraction & Validation

[2026-03-10 15:59:19] Traceback (most recent call last):
[2026-03-10 15:59:19]   File "c:\Users\mdangi\Downloads\ETL Pipeline Project - Phase 1\Vendor Portal Setup\asset-etl\run_vendor_asset_etl.py", line 189, in <module>
    [2026-03-10 15:59:19] main()

[2026-03-10 15:59:19]   File "c:\Users\mdangi\Downloads\ETL Pipeline Project - Phase 1\Vendor Portal Setup\asset-etl\run_vendor_asset_etl.py", line 164, in main
    [2026-03-10 15:59:19] run_step(name, script, vendor, submission_type, submission_id)

[2026-03-10 15:59:19]   File "c:\Users\mdangi\Downloads\ETL Pipeline Project - Phase 1\Vendor Portal Setup\asset-etl\run_vendor_asset_etl.py", line 95, in run_step
    [2026-03-10 15:59:19] result = subprocess.run(cmd, stdout=sys.stdout, stderr=sys.stderr)

             [2026-03-10 15:59:19] ^
[2026-03-10 15:59:19] ^
[2026-03-10 15:59:19] ^
[2026-03-10 15:59:19] ^
[2026-03-10 15:59:19] ^
[2026-03-10 15:59:19] ^
[2026-03-10 15:59:19] ^
[2026-03-10 15:59:19] ^
[2026-03-10 15:59:19] ^
[2026-03-10 15:59:19] ^
[2026-03-10 15:59:19] ^
[2026-03-10 15:59:19] ^
[2026-03-10 15:59:19] ^
[2026-03-10 15:59:19] ^
[2026-03-10 15:59:19] ^
[2026-03-10 15:59:19] ^
[2026-03-10 15:59:19] ^
[2026-03-10 15:59:19] ^
[2026-03-10 15:59:19] ^
[2026-03-10 15:59:19] ^
[2026-03-10 15:59:19] ^
[2026-03-10 15:59:19] ^
[2026-03-10 15:59:19] ^
[2026-03-10 15:59:19] ^
[2026-03-10 15:59:19] ^
[2026-03-10 15:59:19] ^
[2026-03-10 15:59:19] ^
[2026-03-10 15:59:19] ^
[2026-03-10 15:59:19] ^
[2026-03-10 15:59:19] ^
[2026-03-10 15:59:19] ^
[2026-03-10 15:59:19] ^
[2026-03-10 15:59:19] ^
[2026-03-10 15:59:19] ^
[2026-03-10 15:59:19] ^
[2026-03-10 15:59:19] ^
[2026-03-10 15:59:19] ^
[2026-03-10 15:59:19] ^
[2026-03-10 15:59:19] ^
[2026-03-10 15:59:19] ^
[2026-03-10 15:59:19] ^
[2026-03-10 15:59:19] ^
[2026-03-10 15:59:19] ^
[2026-03-10 15:59:19] ^
[2026-03-10 15:59:19] ^
[2026-03-10 15:59:19] ^
[2026-03-10 15:59:19] ^
[2026-03-10 15:59:19] ^
[2026-03-10 15:59:19] ^
[2026-03-10 15:59:19] ^
[2026-03-10 15:59:19] ^
[2026-03-10 15:59:19] ^
[2026-03-10 15:59:19] ^
[2026-03-10 15:59:19] ^
[2026-03-10 15:59:19] ^
[2026-03-10 15:59:19] ^
[2026-03-10 15:59:19] ^

[2026-03-10 15:59:19]   File "C:\Users\mdangi\AppData\Local\anaconda3\envs\vendorportal\Lib\subprocess.py", line 548, in run
    [2026-03-10 15:59:19] with Popen(*popenargs, **kwargs) as process:

         [2026-03-10 15:59:19] ^
[2026-03-10 15:59:19] ^
[2026-03-10 15:59:19] ^
[2026-03-10 15:59:19] ^
[2026-03-10 15:59:19] ^
[2026-03-10 15:59:19] ^
[2026-03-10 15:59:19] ^
[2026-03-10 15:59:19] ^
[2026-03-10 15:59:19] ^
[2026-03-10 15:59:19] ^
[2026-03-10 15:59:19] ^
[2026-03-10 15:59:19] ^
[2026-03-10 15:59:19] ^
[2026-03-10 15:59:19] ^
[2026-03-10 15:59:19] ^
[2026-03-10 15:59:19] ^
[2026-03-10 15:59:19] ^
[2026-03-10 15:59:19] ^
[2026-03-10 15:59:19] ^
[2026-03-10 15:59:19] ^
[2026-03-10 15:59:19] ^
[2026-03-10 15:59:19] ^
[2026-03-10 15:59:19] ^
[2026-03-10 15:59:19] ^
[2026-03-10 15:59:19] ^
[2026-03-10 15:59:19] ^
[2026-03-10 15:59:19] ^

[2026-03-10 15:59:19]   File "C:\Users\mdangi\AppData\Local\anaconda3\envs\vendorportal\Lib\subprocess.py", line 992, in __init__
    [2026-03-10 15:59:19] errread, errwrite) = self._get_handles(stdin, stdout, stderr)

                         [2026-03-10 15:59:19] ^
[2026-03-10 15:59:19] ^
[2026-03-10 15:59:19] ^
[2026-03-10 15:59:19] ^
[2026-03-10 15:59:19] ^
[2026-03-10 15:59:19] ^
[2026-03-10 15:59:19] ^
[2026-03-10 15:59:19] ^
[2026-03-10 15:59:19] ^
[2026-03-10 15:59:19] ^
[2026-03-10 15:59:19] ^
[2026-03-10 15:59:19] ^
[2026-03-10 15:59:19] ^
[2026-03-10 15:59:19] ^
[2026-03-10 15:59:19] ^
[2026-03-10 15:59:19] ^
[2026-03-10 15:59:19] ^
[2026-03-10 15:59:19] ^
[2026-03-10 15:59:19] ^
[2026-03-10 15:59:19] ^
[2026-03-10 15:59:19] ^
[2026-03-10 15:59:19] ^
[2026-03-10 15:59:19] ^
[2026-03-10 15:59:19] ^
[2026-03-10 15:59:19] ^
[2026-03-10 15:59:19] ^
[2026-03-10 15:59:19] ^
[2026-03-10 15:59:19] ^
[2026-03-10 15:59:19] ^
[2026-03-10 15:59:19] ^
[2026-03-10 15:59:19] ^
[2026-03-10 15:59:19] ^
[2026-03-10 15:59:19] ^
[2026-03-10 15:59:19] ^
[2026-03-10 15:59:19] ^
[2026-03-10 15:59:19] ^
[2026-03-10 15:59:19] ^
[2026-03-10 15:59:19] ^
[2026-03-10 15:59:19] ^
[2026-03-10 15:59:19] ^

[2026-03-10 15:59:19]   File "C:\Users\mdangi\AppData\Local\anaconda3\envs\vendorportal\Lib\subprocess.py", line 1384, in _get_handles
    [2026-03-10 15:59:19] c2pwrite = msvcrt.get_osfhandle(stdout.fileno())

                                    [2026-03-10 15:59:19] ^
[2026-03-10 15:59:19] ^
[2026-03-10 15:59:19] ^
[2026-03-10 15:59:19] ^
[2026-03-10 15:59:19] ^
[2026-03-10 15:59:19] ^
[2026-03-10 15:59:19] ^
[2026-03-10 15:59:19] ^
[2026-03-10 15:59:19] ^
[2026-03-10 15:59:19] ^
[2026-03-10 15:59:19] ^
[2026-03-10 15:59:19] ^
[2026-03-10 15:59:19] ^

[2026-03-10 15:59:19] AttributeError
[2026-03-10 15:59:19] :
[2026-03-10 15:59:19] 'TerminalLogger' object has no attribute 'fileno'

