[2026-03-11 19:37:38] 
====================================

[2026-03-11 19:37:38] 🚀 RUNNING ASSET ETL

[2026-03-11 19:37:38] Vendor: Grote Lighting

[2026-03-11 19:37:38] Submission: 20260311T193737

[2026-03-11 19:37:38] ====================================

[2026-03-11 19:37:38] 
▶️ Asset Extraction & Validation

[2026-03-11 19:37:42] 
▶️ Asset Canonicalization

[2026-03-11 19:37:43] 
❌ Pipeline failed: Traceback (most recent call last):
  File "c:\Users\mdangi\Downloads\ETL Pipeline Project - Phase 1\Vendor Portal Setup\asset-etl\asset_canonicalize.py", line 390, in <module>
    run_for_vendor(args.vendor, args.submission_type, args.submission_id)
  File "c:\Users\mdangi\Downloads\ETL Pipeline Project - Phase 1\Vendor Portal Setup\asset-etl\asset_canonicalize.py", line 321, in run_for_vendor
    print(f"\u25b6 Running Asset Canonicalization for vendor: {vendor}")
  File "C:\Users\mdangi\AppData\Local\anaconda3\envs\vendorportal\Lib\encodings\cp1252.py", line 19, in encode
    return codecs.charmap_encode(input,self.errors,encoding_table)[0]
           ^^^^^^^^^^^^^^^^^^^^^^^^^^^^^^^^^^^^^^^^^^^^^^^^^^^^^^^
UnicodeEncodeError: 'charmap' codec can't encode character '\u25b6' in position 0: character maps to <undefined>

